// Jest Snapshot v1, https://goo.gl/fbAQLP

exports[`SelectColor should render properly 1`] = `
<View
  accessibilityValue={
    {
      "max": undefined,
      "min": undefined,
      "now": undefined,
      "text": undefined,
    }
  }
  accessible={true}
  focusable={false}
  onClick={[Function]}
  onResponderGrant={[Function]}
  onResponderMove={[Function]}
  onResponderRelease={[Function]}
  onResponderTerminate={[Function]}
  onResponderTerminationRequest={[Function]}
  onStartShouldSetResponder={[Function]}
  testID="selected-color"
>
  <View
    style={
      [
        {
          "alignItems": "center",
          "borderRadius": "50%",
          "height": 34,
          "justifyContent": "center",
          "width": 34,
        },
        {
          "backgroundColor": "#909090",
        },
      ]
    }
  >
    <View
      style={
        [
          {
            "borderRadius": "50%",
            "height": 24,
            "width": 24,
          },
          {
            "backgroundColor": "#FFFFFF",
          },
        ]
      }
    />
  </View>
</View>
`;
