// Jest Snapshot v1, https://goo.gl/fbAQLP

exports[`Modal component renders correctly 1`] = `
<Modal
  animationType="fade"
  hardwareAccelerated={false}
  onRequestClose={[MockFunction]}
  statusBarTranslucent={true}
  transparent={true}
  visible={true}
>
  <View
    accessibilityState={
      {
        "busy": undefined,
        "checked": undefined,
        "disabled": undefined,
        "expanded": undefined,
        "selected": undefined,
      }
    }
    accessible={true}
    focusable={true}
    onClick={[Function]}
    onResponderGrant={[Function]}
    onResponderMove={[Function]}
    onResponderRelease={[Function]}
    onResponderTerminate={[Function]}
    onResponderTerminationRequest={[Function]}
    onStartShouldSetResponder={[Function]}
    style={
      [
        {
          "alignItems": "center",
          "backgroundColor": "rgba(0,0,0,0.4)",
          "flex": 1,
          "justifyContent": "flex-end",
        },
        undefined,
      ]
    }
  >
    <View
      style={
        {
          "backgroundColor": "#FFFFFF",
          "borderRadius": 12,
          "padding": 20,
          "shadowColor": "#000000",
          "shadowOffset": {
            "height": 2,
            "width": 0,
          },
          "shadowOpacity": 0.2,
          "shadowRadius": 10,
          "width": "100%",
        }
      }
    >
      <Text
        style={
          [
            {
              "fontFamily": "Montserrat-Regular",
            },
            {
              "fontSize": 14,
              "lineHeight": 20,
            },
            {
              "color": "#000000",
            },
            undefined,
          ]
        }
      >
        Modal Content
      </Text>
    </View>
  </View>
</Modal>
`;
